acceleration
activate-from-graveyard
activate-from-hand
activated-ability
addendum
adds-multiple-mana
aesthetic-counter
afterlife
aikido
alliance
alliteration
alternate-cost-tap-creature
alternative-crewing
animate
animate-self
anthem
any-player-ability
arena-only-mechanics
artifact-removal
attack-trigger
attacking-matters
attacking-matters-any
attacking-matters-self
ball-lightning
battalion
bear-with-set's-mechanic
bear-with-set-mechanic
bear-with-set-s-mechanic
becomes-creature
bigger-than-mv
birthing-pod
black-effect
black-lord
blink
blink-slow
block-trigger
blood-moon-effect
blue-effect
boardwipe
bottle-draw
bottom-deck-manipulation
bottomless-mana-sink
bounce
bribery
burn
burn-any
burn-battle
burn-bright
burn-creature
burn-planeswalker
burn-player
burn-with-set's-mechanic
burn-with-set-mechanic
burn-with-set-s-mechanic
burn-you
burst-draw
cantrip
card-advantage
card-names
card-types-in-graveyard-matter
card-types-matter
cards-in-graveyard-matter
cast-from-exile
cast-from-nonhand
cast-trigger
cast-trigger-other
cast-trigger-self
cast-trigger-you
castable-from-exile
castable-from-graveyard
castable-from-nonhand
casting-restriction
cda
cda-color
cda-power
cda-subtype
cda-toughness
changeling
characteristic-defining-ability
cheaper-than-mv
cheat-into-play
cheat-mana
cmc-matters
coin-flip
color-break
colourless-matters
combat-manipulation
combat-neutral-damage-trigger
combat-trick
conjure
conjure-artifact
conjure-instant
conjure-sorcery
conjure-spellbook
conjure-to-library
control-blocker
control-changing-effects
converted-mana-cost-matters
convoke
copy
copy-creature
copy-from-graveyard
copy-legendary
copy-self
copy-spell
copy-token
cost-ignorer
cost-reducer
cost-reducer-activated-ability
cost-reducer-equip-ability
cost-reducer-self
counter
counter-doubler
counter-fuel
counter-fuel-energy
counter-fuel-pp
counter-increaser
counters-matter
counterspell
counterspell-ability
counterspell-automatic
counterspell-bounce
counterspell-reusable
counterspell-with-set's-mechanic
counterspell-with-set-mechanic
cranial-plating
creates-bigger-body
creates-larger-body
creature-ability-noncreature
creature-count-matters
creature-removal
creature-type-erratum
creature-type-name
creaturefall
crew
crewed-vehicle
crewless-vehicle
curiosity
curiosity-like
cycle
cycle-1cmc-tutor
cycle-1mv-tutor
cycle-all-replacement-land
cycle-arb-allied-equipment
cycle-block-grn-guild-champion
cycle-block-grn-u-split
cycle-block-rav-colors-matter
cycle-block-rav-guild-champion
cycle-block-rtr-guildmaster
cycle-block-rtr-m-multicolor
cycle-boon
cycle-c16-u-monocolor
cycle-c18-signature-spell
cycle-clb-tricolor-legend
cycle-cmd-enemy-legend
cycle-cns-draft-signpost
cycle-cns-r-two-color
cycle-cycling-land
cycle-dft-gearhulk
cycle-dft-verge
cycle-dmu-u-for-en-kicker
cycle-dual-land
cycle-ema-tutor
cycle-fdn-r-two-color
cycle-flip-ascendant
cycle-gainland
cycle-grn-guild-champion
cycle-gtc-m-two-color
cycle-guildgate
cycle-hou-hour
cycle-iko-apex
cycle-iko-r-mutate
cycle-ktk-gainland
cycle-land
cycle-lci-r-land-dfc
cycle-lea-basic-land
cycle-lea-boon
cycle-lea-moxen
cycle-lea-slush-art
cycle-lea-top-down
cycle-leg-elder-dragon
cycle-lrw-typal-lord
cycle-m-cycling-land
cycle-m13-legend
cycle-m21-precon-c
cycle-mh1-r-two-color
cycle-mh1-talisman
cycle-mono-land
cycle-one-sun-twilight
cycle-ons-cycling-land
cycle-ons-m-cycling-land
cycle-otj-draft-signpost
cycle-otj-r-monocolor-mount
cycle-otj-u-legend
cycle-rav-signet
cycle-rna-guild-champion
cycle-rna-u-split
cycle-rtr-m-two-color
cycle-rvr-r-guild-spell
cycle-rvr-r-two-color-legend
cycle-scg-5m-landcycler
cycle-snc-hybrid-legend
cycle-sok-flip-ascendant
cycle-sok-legendary-kirin
cycle-spellshaped-from-fut
cycle-talisman
cycle-tkhm-realm-token
cycle-tsp-addendum
cycle-tsp-u-sliver
cycle-verge
cycle-vma-r-two-color
cycle-war-u-planeswalker
cycle-wwk-landfall-instant
cycle-xln-c-explorer
cycle-xln-legendary-transform
cycle-xln-m-legend
cycle-znr-u-mdfc-creature
d&d-feature
d&d-mechanic
damage-increaser
damage-prevention
damage-prevention-self
damage-prevention-you
deanimate-self
death-trigger
death-trigger-self
deathtrigger
deck-destruction
delayed-trigger
delayed-triggered-ability
deprecated-card-types
deprecated-legend-type
deprecated-mechanics
deprecated-p-t-counter
deprecated-p/t-counter
dice
dice-roll
digital-only-mechanics
digital-to-paper
dinosaur-tribal
discard
discard-matters
discard-outlet
discard-outlet-creature
discardoutlet
discount-self
discount-tap-creature
disenchant
disenchant-naturalize
disenchant/naturalize
ditch-hand
division
dnd
dnd-character
dnd-feature
dnd-mechanic
doctor-who-episode-name
doctor-who-episode-saga
donate-token
doom-blade
doomed-traveler
downside
dr-who-episode-name
dr-who-episode-saga
draft-signpost
drain-creature
draw
draw-card
draw-engine
draw-hate
draw-matters
drawback
dual-land
edict
egg
emblem-lite
enchantment-removal
enchantmentize
encoded
energy-generator
enters-in-company
eponymous
etb-other-creature
eternalize
evasion
exile-self
exile-self-dfc-transform
exiles-self
exponential
extra-land
extra-turn
faux-target
faux-targeting
fight
firebreathing
flashback
flavors-of-vanilla
flicker
flicker-creature
flicker-dfc-transform
flicker-slow
flying-hate
fog
fog-limited
fog-selective
force-attacker
force-blocker
force-draw
forces-attack
fourth-spell-matters
free-cast-another
free-casting
french-vanilla
french-vanilla-aura
french-vanilla-equipment
fulfilled-futureshift
fun-ruling
funny-ruling
gainland
gains-deathtouch
gains-flying
gains-hexproof
gains-indestructible
gains-menace
gains-pp-counters
gains-trample
game-name
gives-castable-from-exile
gives-castable-from-nonhand
gives-deathtouch
gives-double-strike
gives-evasion
gives-first-strike
gives-flying
gives-haste
gives-indestructible
gives-ingest
gives-lifelink
gives-menace
gives-mm-counters
gives-player-ability
gives-player-protection
gives-pp-counters
gives-reach
gives-trample
gives-unblockable
goblin-synergy
graveyard-fuel
graveyard-fuel-creature
graveyard-hate
graveyard-to-library
group-hug
group-slug
guess
hand-disruption
has-identical-token
hate
hate-attacker
hate-blocker
hate-color-share
hate-draw
hate-enchantment
hate-flying
hate-free-spell
hate-graveyard
hate-high-cmc
hate-high-mana-value
hate-high-mv
hate-high-pt
hate-nonbasic-land
hate-noncreature
hate-regenerate
hate-regeneration
hate-swamp
hate-tapped
hate-target
hate-tribal-non-merfolk
hate-tribal-non-wall
hate-typal
hate-typal-non-merfolk
hate-typal-non-wall
hate-wide
hatebear
heroic
hexproof-soft
high-x-matters
imprint
imprinted-card-types-matter
improvise
impulse
impulse-artifact
impulse-battle
impulse-creature
impulse-draw
impulse-enchantment
impulse-instant
impulse-land
impulse-onto-battlefield
impulse-planeswalker
impulse-sorcery
impulse-to-zone
impulsive-draw
indefinite-effect
infinite-mana-sink
instant-rebate
intervening-if-clause
inverted-effects
jump
keyword-anthem
kindred
land-conversion
land-count-matters
land-ramp
land-removal
land-sacrifice
landfall
lands-matter
leaves-body-behind
legendfall
less-expensive-than-mv
leveler
leveller
library-manipulation
life-divider
life-divider-opponent
life-divider-you
life-for-cards
life-gain
life-payment
lifegain
lord
lord-black
lose-half-life
low-mana-value-matters
low-mv-matters
magic-term-name
mana-ability-with-extra-effect
mana-dork
mana-dump
mana-egg
mana-filter
mana-producer
mana-ramp
mana-restriction
mana-rock
mana-sink
mana-value-matters
manaless-value
manarock
manarock-any-color
manarock-c
manarock-cc
manarock-ccc
manarock-chosen-color
manarock-egg
manarock-mox
maro-sorcerer
mass-land-denial
mass-removal
mechanical-foreshadow
meme
mill
mill-exile
mill-opponent
mill-self
mini-refund
minigame
miniwheel
misnomer
mix-and-match
modal
monarch-matters
morbid
more-expensive-than-mv
moxen
mulch
multi-removal
multiplayer
multiple-bodies
multiple-targets
name-type
namesake-spell
naming-scheme
naturalize
nightveil-theft
non-acorn-silver-border
non-integer
noncreature-tribal
noncreature-typal
notorious-templating
offcolor-additional-cost
offcolor-kicker
old-ward
opponent-discard-matters
opponent-draw
out-of-color-token
own-at-cost
painland
paradox
parasitic-aura
passive-ability
peek
peek-library
per-opponent
per-player
permanent-effect
permanent-p/t-boost
pinger
planeswalker-removal
planeswalker-support
plunder
poison-mechanics
poisonous
potentially-black-border
power-boost-to-all
power-matters
power-matters-self
power-nine
pp-counters-matter
prevent-attack
prevent-attacker
prevent-blocker
prevent-blocker-mass
prevent-cast
prevent-damage
prevent-mass-blockers
prevent-regeneration
prevents-casting
produces-multiple-mana
protection
protects-creature
pseudo-curse
pseudo-target
pseudo-targeting
punny-name
pure-draw
quadratic
quick-attach
quick-equip
raid
ramp
ramp-with-set's-mechanic
ramp-with-set-mechanic
ramp-with-set-s-mechanic
rampant-growth
real-life-animal-name
reanimate
reanimate-artifact
reanimate-cast
reanimate-copy
reanimate-creature
reanimate-from-any
reanimate-from-opponent
reanimate-permanent
reanimate-self
recall
recursion
recursion-artifact
recursion-creature
recursion-permanent
recursion-self
recycle
recycling
red-effect
references-keyword
references-mechanic
reflexive-trigger
refund
regenerates-other
regenerates-self
regrowth
regrowth-self
removal
removal-artifact
removal-aura
removal-battle
removal-battle-burn
removal-bounce
removal-burn
removal-creature
removal-creature-burn
removal-creature-fight
removal-destroy
removal-enchantment
removal-equipment
removal-exile
removal-fight
removal-land
removal-permanent
removal-planeswalker
removal-planeswalker-burn
removal-sacrifice
removal-spacecraft
removal-toughness
removal-vehicle
remove-counter
remove-counters
remove-counters-player
remove-counters-you
repeatable-artifact-tokens
repeatable-card-advantage
repeatable-clues
repeatable-counterspell
repeatable-creature-tokens
repeatable-crime
repeatable-draw
repeatable-impulse
repeatable-impulsive-draw
repeatable-lifegain
repeatable-noncreature-tokens
repeatable-plunder
repeatable-pp-counters
repeatable-pure-draw
repeatable-removal
repeatable-rummage
repeatable-sac-outlet
repeatable-sacrifice-outlet
repeatable-token-generator
repeatable-treasures
rescue
rescue-creature
restock
restock-all
restricted-mana
resurrect
roll-d6
royal-assassin-ability
rules-nightmare
rummage
saboteur
sac-outlet
sac-outlet-artifact
sac-outlet-creature
sac-outlet-land
sacrifice-cost-land
sacrifice-matters
sacrifice-outlet
sacrifice-outlet-artifact
sacrifice-outlet-creature
sacrifice-outlet-land
sacrifice-self
say-hello-to-my-little-friend
scales-with-mana-value
scales-with-mv
scales-with-power
scene
scry
second-draw-matters
selective-group-hug
self-mill
self-reanimate
self-recall
self-regrowth
self-replacement-effect
shapechange
shapesharing
shares-name-with-a-mechanic
shrink
silver-border-mechanics
single-english-word-name
single-target-instant-sorcery
single-target-instant/sorcery
single-target-spell
sliver-stackable
sneak
sneak-artifact
sneak-creature
sneak-from-library
sol-land
soul-sister
soul-warden-ability
spirit-lord
splits-on-death
spot-removal
spy-library
staple-with-set's-mechanic
staple-with-set-s-mechanic
stifle
stops-regeneration
storm-count-matters
strive
surveil
sweeper
symmetrical
synergy-activated-ability
synergy-adventure
synergy-arcane
synergy-artifact
synergy-aura
synergy-battle
synergy-black
synergy-blocker-self
synergy-clue
synergy-color-share
synergy-colorless
synergy-contraption
synergy-deathtouch
synergy-discard
synergy-discard-opponent
synergy-equipment
synergy-exile-cast
synergy-forest
synergy-graveyard-cast
synergy-green
synergy-hexproof
synergy-knight
synergy-land
synergy-legendary
synergy-library-cast
synergy-low-power
synergy-mill
synergy-noncreature
synergy-nonhand-cast
synergy-planeswalker
synergy-reach
synergy-red
synergy-sacrifice
synergy-snow
synergy-solo-attack
synergy-spirit
synergy-surveil
synergy-swamp
synergy-target
synergy-token
synergy-token-creature
synergy-town
synergy-trample
synergy-vehicle
tap-creature
tap-fuel-artifact
tap-fuel-creature
tap-fuel-power
tap-outlet
tapland
tapland-with-set's-mechanic
tapland-with-set-mechanic
tapland-with-set-s-mechanic
tapper
tapper-creature
tax
temporary-reanimation
temporary-token
thank-you-for-your-sacrifice
theft
theft-cast
theft-creature
theft-nonland
thingfall
three-letter-name
tim
token-bypasses-legend-rule
token-replacer
token-versions-of-cards
toll
tome
top-deck-manipulation
top-matters
toughness-boost-to-all
toughness-matters
tribal
tribal-ally
tribal-choose
tribal-coupling
tribal-dinosaur
tribal-eldrazi
tribal-goblin
tribal-golem
tribal-hate
tribal-knight
tribal-phyrexian
tribal-pirate
tribal-rigger
tribal-sliver
tribal-spirit
trigger-from-graveyard
triggered-ability
trumpet-blast
tunneling
turns-off-defender-self
tutor
tutor-battlefield
tutor-creature
tutor-creature-deathtouch
tutor-creature-hexproof
tutor-creature-reach
tutor-creature-trample
tutor-forest
tutor-hand
tutor-instant
tutor-land
tutor-land-basic
tutor-land-basic-plains
tutor-land-forest
tutor-land-to-battlefield
tutor-onto-battlefield
tutor-sorcery
tutor-to
tutor-to-battlefield
tutor-to-hand
tutor-to-top
tutor-totop
tutored-by-name
typal
typal-ally
typal-artifact
typal-choose
typal-coupling
typal-coupling-distinct
typal-creature
typal-dinosaur
typal-eldrazi
typal-equipment
typal-goblin
typal-golem
typal-knight
typal-phyrexian
typal-pirate
typal-rigger
typal-sliver
typal-spirit
type-addition-from-none
type-addition-human
type-addition-phyrexian
type-change
type-errata
type-errata-addition
type-errata-genericise
type-errata-specific
type-errata-specific-bird
type-errata-specific-fish
type-errata-summon-creature
un-design
un-set-mechanics
unblockable
undergrowth
unexile
unheroic
uninspired
unique-counter
unique-cr-reference
unique-mana-cost
unique-noncreature-token
unique-p-t
unique-p/t
unique-planeswalker-type
unique-token
unique-type-exclusion
unique-type-line
universal-type-change
unnoted-tracked-information
untap-land
untapped-matters-self
untapper
untapper-land
untracked-indefinite-effect
upkeep-cost
utility-land
utility-mana-rock
vanilla-aura
vanity-card
virtual-french-vanilla
virtual-legendary
virtual-vanilla
wheel
wheel-one-sided
whirlpool
wipe
wrath-of-god
your-sacrifice-matters
zombify
